// Jest Snapshot v1, https://goo.gl/fbAQLP

exports[`MatchesContainer should match the snapshot 1`] = `<div />`;
