// Jest Snapshot v1, https://goo.gl/fbAQLP

exports[`Home should match the match snapshot 1`] = `
<div>
  <h2
    className="welcome"
  >
    Welcome to Football Time! 
  </h2>
  <img
    alt="homepage img"
    className="homepage-img"
    src="welcome-page.jpg"
  />
</div>
`;
