// Jest Snapshot v1, https://goo.gl/fbAQLP

exports[`App should match the snapshot 1`] = `
<div
  className="App"
>
  <Connect(Header) />
  <Switch>
    <Route
      exact={true}
      path="/"
      render={[Function]}
    />
    <Route
      exact={true}
      path="/todaysmatches"
      render={[Function]}
    />
    <Route
      exact={true}
      path="/leagues/524"
      render={[Function]}
    />
    <Route
      exact={true}
      path="/leagues/525"
      render={[Function]}
    />
    <Route
      exact={true}
      path="/leagues/530"
      render={[Function]}
    />
    <Route
      exact={true}
      path="/leagues/754"
      render={[Function]}
    />
    <Route
      exact={true}
      path="/leagues/775"
      render={[Function]}
    />
    <Route
      render={[Function]}
    />
  </Switch>
</div>
`;
